Reading Bench_Harald CSVs + ATE logs...
  read 725HW3000GR0001A6Q/w4_pb_logfile_7480083C1301C6_20260818_155422.csv
  read 725HW3000J20001A6Q/w4_pb_logfile_7480083C1302C4_20260818_161922.csv
  read 725HW3000K50001A6Q/w4_pb_logfile_7480083C130435_20260818_155606.csv
  read 725HW3000LA0001A6Q/w4_pb_logfile_7480083C130228_20260818_160845.csv
  read 725HW3000LS0001A6Q/w4_pb_logfile_7480083C1303CC_20260818_163405.csv
  read 725HW3000NM0001A6Q/w4_pb_logfile_7480083C1301C7_20260818_153816.csv
  read 725HW3000NT0001A6Q/w4_pb_logfile_7480083C130351_20260818_162533.csv
  read 725HW3000NX0001A6Q/w4_pb_logfile_7480083C1302B1_20260818_155918.csv
  read 725HW3000Q40001A6Q/w4_pb_logfile_7480083C13043A_20260818_161104.csv
  read 725HW3000QC0001A6Q/w4_pb_logfile_7480083C130335_20260818_162325.csv
  read 725HW3000RG0001A6Q/w4_pb_logfile_7480083C130246_20260818_161549.csv
  read 725HW3000RL0001A6Q/w4_pb_logfile_7480083C13043E_20260818_161257.csv
  read 725HW3000RM0001A6Q/w4_pb_logfile_7480083C13042E_20260818_155740.csv
  read 725HW3000RR0001A6Q/w4_pb_logfile_7480083C1303D3_20260818_163039.csv
  read 725HW3000SQ0001A6Q/w4_pb_logfile_7480083C13034B_20260818_153221.csv
  read 725HW3000ST0001A6Q/w4_pb_logfile_7480083C1302B7_20260818_153411.csv
  read 725HW3000T30001A6Q/w4_pb_logfile_7480083C130425_20260818_162833.csv
  read 725HW3000T70001A6Q/w4_pb_logfile_7480083C1303CF_20260818_163225.csv
  read 725HW3000UB0001A6Q/w4_pb_logfile_7480083C1302C1_20260818_161735.csv
  read 725HW3000UU0001A6Q/w4_pb_logfile_7480083C1302C3_20260818_153553.csv
  read 725HW3001F40001A6Q/w4_pb_logfile_7480083C1304CA_20260818_164208.csv
  read 725HW3001FM0001A6Q/w4_pb_logfile_7480083C13051F_20260818_171226.csv
  read 725HW3001GH0001A6Q/w4_pb_logfile_7480083C130526_20260818_170432.csv
  read 725HW3001GR0001A6Q/w4_pb_logfile_7480083C130620_20260818_164629.csv
  read 725HW3001J30001A6Q/w4_pb_logfile_7480083C1304D2_20260818_170244.csv
  read 725HW3001JN0001A6Q/w4_pb_logfile_7480083C1304A4_20260818_170859.csv
  read 725HW3001KG0001A6Q/w4_pb_logfile_7480083C13051D_20260818_171645.csv
  read 725HW3001L60001A6Q/w4_pb_logfile_7480083C1304B4_20260818_165213.csv
  read 725HW3001M10001A6Q/w4_pb_logfile_7480083C1304DC_20260818_171039.csv
  read 725HW3001M50001A6Q/w4_pb_logfile_7480083C13061B_20260818_163645.csv
  read 725HW3001MA0001A6Q/w4_pb_logfile_7480083C13054F_20260818_170027.csv
  read 725HW3001R60001A6Q/w4_pb_logfile_7480083C13054D_20260818_165350.csv
  read 725HW3001R80001A6Q/w4_pb_logfile_7480083C130545_20260818_165015.csv
  read 725HW3001RN0001A6Q/w4_pb_logfile_7480083C1305BA_20260818_164022.csv
  read 725HW3001RU0001A6Q/w4_pb_logfile_7480083C13052B_20260818_165602.csv
  read 725HW3001SE0001A6Q/w4_pb_logfile_7480083C1305A5_20260818_171835.csv
  read 725HW3001SP0001A6Q/w4_pb_logfile_7480083C130551_20260818_171457.csv
  read 725HW3001SY0001A6Q/w4_pb_logfile_7480083C130449_20260818_164432.csv
  read 725HW3001TC0001A6Q/w4_pb_logfile_7480083C130530_20260818_165821.csv
  read 725HW3001TM0001A6Q/w4_pb_logfile_7480083C130454_20260818_164819.csv
=== items with >=1 Bench limit: 4013/7353 (ATE match: 2840, no ATE match: 1173) ===
1124 PATNAME section(s) with a qualifying item
1802 content slide(s) (4 item(s)/slide max)

Saved: C:\Users\yoonji.kim\Testcode\p1_correlation\report\Harald\2026-08-19_Harald_Distribution.pptx
Total slides: 1803
